<?xml version="1.0" encoding="UTF-8"?>
<TestRun id="c08d3d37-8d64-4e6a-ad30-3b204b8d99d6" name="Administrator@HARIZ-LAPPY 2012-10-01 16:08:33" runUser="Hariz-Lappy\Administrator" xmlns="http://microsoft.com/schemas/VisualStudio/TeamTest/2006">
  <TestRunConfiguration name="Local Test Run" id="8694a2b3-2d7f-4469-a8b8-eada276acfd2">
    <Description>This is a default test run configuration for a local test run.</Description>
    <Deployment runDeploymentRoot="C:\InventorySystem\TestResults\Administrator_HARIZ-LAPPY 2012-10-01 16_08_33">
      <DeploymentItem filename="C:\InventorySystem\InventorySystem.Data\bin\Debug\InventorySystem.Data.dll" />
      <DeploymentItem filename="C:\InventorySystem\InventorySystem.Business\bin\Debug\InventorySystem.Business.dll" />
    </Deployment>
    <TestTypeSpecific />
  </TestRunConfiguration>
  <ResultSummary outcome="Completed">
    <Counters total="1" executed="1" passed="1" error="0" failed="0" timeout="0" aborted="0" inconclusive="0" passedButRunAborted="0" notRunnable="0" notExecuted="0" disconnected="0" warning="0" completed="0" inProgress="0" pending="0" />
  </ResultSummary>
  <Times creation="2012-10-01T16:08:33.7021876+08:00" queuing="2012-10-01T16:08:34.6062393+08:00" start="2012-10-01T16:08:34.7152455+08:00" finish="2012-10-01T16:08:58.5636096+08:00" />
  <TestDefinitions>
    <UnitTest name="GetPurchaseOrders" storage="c:\inventorysystem\unittest\bin\debug\unittest.dll" id="cbb2d6cc-61b9-ac61-c261-be6f72e7fed2">
      <Css projectStructure="" iteration="" />
      <Owners>
        <Owner name="" />
      </Owners>
      <Execution id="0bafd2ce-fccc-4b08-98e4-b9591f9955c3" />
      <TestMethod codeBase="C:\InventorySystem\UnitTest\bin\Debug\UnitTest.dll" adapterTypeName="Microsoft.VisualStudio.TestTools.TestTypes.Unit.UnitTestAdapter, Microsoft.VisualStudio.QualityTools.Tips.UnitTest.Adapter, Version=9.0.0.0, Culture=neutral, PublicKeyToken=b03f5f7f11d50a3a" className="UnitTest.InventorySystemBusiness, UnitTest" name="GetPurchaseOrders" />
    </UnitTest>
  </TestDefinitions>
  <TestLists>
    <TestList name="Results Not in a List" id="8c84fa94-04c1-424b-9868-57a2d4851a1d" />
    <TestList name="All Loaded Results" id="19431567-8539-422a-85d7-44ee4e166bda" />
  </TestLists>
  <TestEntries>
    <TestEntry testId="cbb2d6cc-61b9-ac61-c261-be6f72e7fed2" executionId="0bafd2ce-fccc-4b08-98e4-b9591f9955c3" testListId="8c84fa94-04c1-424b-9868-57a2d4851a1d" />
  </TestEntries>
  <Results>
    <UnitTestResult executionId="0bafd2ce-fccc-4b08-98e4-b9591f9955c3" testId="cbb2d6cc-61b9-ac61-c261-be6f72e7fed2" testName="GetPurchaseOrders" computerName="HARIZ-LAPPY" duration="00:00:21.7908787" startTime="2012-10-01T16:08:34.8752547+08:00" endTime="2012-10-01T16:08:57.0045204+08:00" testType="13cdc9d9-ddb5-4fa4-a97d-d965ccfc6d4b" outcome="Passed" testListId="8c84fa94-04c1-424b-9868-57a2d4851a1d">
      <Output>
      </Output>
    </UnitTestResult>
  </Results>
</TestRun>